// Vitest Snapshot v1, https://vitest.dev/guide/snapshot.html

exports[`Test > Render 1`] = `
<div>
  <div
    class="styled__ContainerWrapper-sc-1kleavz-0 iIEyCq"
  >
    <h1>
      Test
    </h1>
    <div>
      <div>
        <h2>
          Todos List 
        </h2>
        <ul>
          <li
            role="presentation"
          >
            <h3>
              test todos list
            </h3>
          </li>
        </ul>
      </div>
    </div>
  </div>
</div>
`;
