// Vitest Snapshot v1, https://vitest.dev/guide/snapshot.html

exports[`SelectInput > Render 1`] = `
<div>
  <form>
    <div
      role="button"
      tabindex="0"
    >
      <div
        class="styled__InputWrapper-sc-8zf6s0-2 iKmMVX"
        data-has-error="false"
      >
        <input
          class="styled__InputElement-sc-8zf6s0-1 kBsvAW"
          data-has-placeholder="false"
          id=":r0:"
          name="test"
          placeholder=" "
          type="text"
          value=""
        />
        <label
          class="styled__InputLabel-sc-8zf6s0-0 kSURlg"
          for=":r0:"
        />
      </div>
    </div>
  </form>
</div>
`;
